[2026-01-09T23:45:15.716999] Filtered 12 rows with Datum_1 > study_end
[2026-01-09T23:45:17.672647] RMST conditions on survival to calendar_day — deliberate for definition, see method docs.
[2026-01-09T23:45:17.711390] High prop at exactly tau (0.33) at rel_day -15: potential IF underweighting
[2026-01-09T23:45:18.515046] High prop at exactly tau (0.33) at rel_day -14: potential IF underweighting
[2026-01-09T23:45:19.064391] High prop at exactly tau (0.33) at rel_day -13: potential IF underweighting
[2026-01-09T23:45:19.661673] High prop at exactly tau (0.33) at rel_day -12: potential IF underweighting
[2026-01-09T23:45:20.126026] High prop at exactly tau (0.33) at rel_day -11: potential IF underweighting
[2026-01-09T23:45:20.584310] High prop at exactly tau (0.33) at rel_day -10: potential IF underweighting
[2026-01-09T23:45:21.079412] High prop at exactly tau (0.33) at rel_day -9: potential IF underweighting
[2026-01-09T23:45:21.675942] High prop at exactly tau (0.33) at rel_day -8: potential IF underweighting
[2026-01-09T23:45:22.207338] High prop at exactly tau (0.33) at rel_day -7: potential IF underweighting
[2026-01-09T23:45:22.804572] High prop at exactly tau (0.33) at rel_day -6: potential IF underweighting
[2026-01-09T23:45:23.444264] High prop at exactly tau (0.33) at rel_day -5: potential IF underweighting
[2026-01-09T23:45:24.022866] KM-IF discrepancy at rel_day -5: 0.053 (n=3, median_censor=131.0, prop_censored=0.00)
[2026-01-09T23:45:24.106103] High prop at exactly tau (0.33) at rel_day -4: potential IF underweighting
[2026-01-09T23:45:24.602843] High prop at exactly tau (0.33) at rel_day -3: potential IF underweighting
[2026-01-09T23:45:25.037859] KM-IF discrepancy at rel_day -3: 0.064 (n=3, median_censor=129.0, prop_censored=0.00)
[2026-01-09T23:45:25.097823] High prop at exactly tau (0.33) at rel_day -2: potential IF underweighting
[2026-01-09T23:45:25.545809] High prop at exactly tau (0.33) at rel_day -1: potential IF underweighting
[2026-01-09T23:45:25.999441] High prop at exactly tau (0.33) at rel_day 0: potential IF underweighting
[2026-01-09T23:45:26.460169] High prop at exactly tau (0.33) at rel_day 1: potential IF underweighting
[2026-01-09T23:45:26.953202] High prop at exactly tau (0.33) at rel_day 2: potential IF underweighting
[2026-01-09T23:45:27.579259] High prop at exactly tau (0.33) at rel_day 3: potential IF underweighting
[2026-01-09T23:45:28.232839] KM-IF discrepancy at rel_day 3: 0.082 (n=3, median_censor=123.0, prop_censored=0.00)
[2026-01-09T23:45:28.317487] High prop at exactly tau (0.33) at rel_day 4: potential IF underweighting
[2026-01-09T23:45:28.835619] KM-IF discrepancy at rel_day 4: 0.211 (n=3, median_censor=122.0, prop_censored=0.00)
[2026-01-09T23:45:28.919697] High prop at exactly tau (1.00) at rel_day 5: potential IF underweighting
[2026-01-09T23:45:29.510725] High prop at exactly tau (1.00) at rel_day 6: potential IF underweighting
[2026-01-09T23:45:30.101480] High prop at exactly tau (1.00) at rel_day 7: potential IF underweighting
[2026-01-09T23:45:30.684148] High prop at exactly tau (1.00) at rel_day 8: potential IF underweighting
[2026-01-09T23:45:31.386048] High prop at exactly tau (1.00) at rel_day 9: potential IF underweighting
[2026-01-09T23:45:31.891921] High prop at exactly tau (1.00) at rel_day 10: potential IF underweighting
[2026-01-09T23:45:32.366123] High prop at exactly tau (1.00) at rel_day 11: potential IF underweighting
[2026-01-09T23:45:32.831386] High prop at exactly tau (1.00) at rel_day 12: potential IF underweighting
[2026-01-09T23:45:33.314507] High prop at exactly tau (1.00) at rel_day 13: potential IF underweighting
[2026-01-09T23:45:33.796988] High prop at exactly tau (1.00) at rel_day 14: potential IF underweighting
[2026-01-09T23:45:34.270608] High prop at exactly tau (1.00) at rel_day 15: potential IF underweighting
[2026-01-09T23:45:39.078428] Placebo simulation restricted to never-vaccinated — conservative lower bound, see method docs.
[2026-01-09T23:46:53.834886] Filtered 12 rows with Datum_1 > study_end
[2026-01-09T23:48:50.604186] Placebo simulation restricted to never-vaccinated — conservative lower bound, see method docs.
[2026-01-09T23:48:51.669928] Placebo simulation restricted to never-vaccinated — conservative lower bound, see method docs.
[2026-01-09T23:50:26.717815] Filtered 12 rows with Datum_1 > study_end
[2026-01-09T23:52:27.123366] Placebo simulation restricted to never-vaccinated — conservative lower bound, see method docs.
[2026-01-10T00:11:26.909731] Placebo simulation restricted to never-vaccinated — conservative lower bound, see method docs.
[2026-01-10T00:11:29.543196] RMST conditions on survival to calendar_day — deliberate for definition, see method docs.
[2026-01-10T00:11:29.637675] High prop at exactly tau (1.00) at rel_day -15: potential IF underweighting
[2026-01-10T00:11:30.559175] High prop at exactly tau (1.00) at rel_day -14: potential IF underweighting
[2026-01-10T00:11:31.474010] High prop at exactly tau (1.00) at rel_day -13: potential IF underweighting
[2026-01-10T00:11:32.397585] High prop at exactly tau (1.00) at rel_day -12: potential IF underweighting
[2026-01-10T00:11:33.347638] High prop at exactly tau (1.00) at rel_day -11: potential IF underweighting
[2026-01-10T00:11:34.235812] High prop at exactly tau (1.00) at rel_day -10: potential IF underweighting
[2026-01-10T00:11:35.168931] High prop at exactly tau (1.00) at rel_day -9: potential IF underweighting
[2026-01-10T00:11:36.135469] High prop at exactly tau (1.00) at rel_day -8: potential IF underweighting
[2026-01-10T00:11:37.155990] High prop at exactly tau (1.00) at rel_day -7: potential IF underweighting
[2026-01-10T00:11:38.517340] High prop at exactly tau (1.00) at rel_day -6: potential IF underweighting
[2026-01-10T00:11:40.964068] High prop at exactly tau (1.00) at rel_day -5: potential IF underweighting
[2026-01-10T00:11:42.304270] High prop at exactly tau (1.00) at rel_day -4: potential IF underweighting
[2026-01-10T00:11:43.213156] High prop at exactly tau (1.00) at rel_day -3: potential IF underweighting
[2026-01-10T00:11:44.153164] High prop at exactly tau (1.00) at rel_day -2: potential IF underweighting
[2026-01-10T00:11:45.050451] High prop at exactly tau (1.00) at rel_day -1: potential IF underweighting
[2026-01-10T00:11:45.941521] High prop at exactly tau (1.00) at rel_day 0: potential IF underweighting
[2026-01-10T00:11:46.958659] High prop at exactly tau (1.00) at rel_day 1: potential IF underweighting
[2026-01-10T00:11:47.897837] High prop at exactly tau (1.00) at rel_day 2: potential IF underweighting
[2026-01-10T00:11:48.794441] High prop at exactly tau (1.00) at rel_day 3: potential IF underweighting
[2026-01-10T00:11:49.665287] High prop at exactly tau (1.00) at rel_day 4: potential IF underweighting
[2026-01-10T00:11:50.728188] High prop at exactly tau (1.00) at rel_day 5: potential IF underweighting
[2026-01-10T00:11:51.618774] High prop at exactly tau (1.00) at rel_day 6: potential IF underweighting
[2026-01-10T00:11:52.494709] High prop at exactly tau (1.00) at rel_day 7: potential IF underweighting
[2026-01-10T00:11:53.445813] High prop at exactly tau (1.00) at rel_day 8: potential IF underweighting
[2026-01-10T00:11:54.329685] High prop at exactly tau (1.00) at rel_day 9: potential IF underweighting
[2026-01-10T00:11:55.207359] High prop at exactly tau (1.00) at rel_day 10: potential IF underweighting
[2026-01-10T00:11:56.091098] High prop at exactly tau (1.00) at rel_day 11: potential IF underweighting
[2026-01-10T00:11:56.980348] High prop at exactly tau (1.00) at rel_day 12: potential IF underweighting
[2026-01-10T00:11:57.857447] High prop at exactly tau (1.00) at rel_day 13: potential IF underweighting
[2026-01-10T00:11:58.745703] High prop at exactly tau (1.00) at rel_day 14: potential IF underweighting
[2026-01-10T00:11:59.647732] High prop at exactly tau (1.00) at rel_day 15: potential IF underweighting
[2026-01-10T00:14:07.354940] Placebo simulation restricted to never-vaccinated — conservative lower bound, see method docs.
[2026-01-10T00:14:08.531318] Placebo simulation restricted to never-vaccinated — conservative lower bound, see method docs.
[2026-01-10T00:14:09.971288] Placebo simulation restricted to never-vaccinated — conservative lower bound, see method docs.
[2026-01-10T00:14:11.228013] RMST conditions on survival to calendar_day — deliberate for definition, see method docs.
[2026-01-10T00:14:11.242909] High prop at exactly tau (1.00) at rel_day -15: potential IF underweighting
[2026-01-10T00:14:11.817142] High prop at exactly tau (1.00) at rel_day -14: potential IF underweighting
[2026-01-10T00:14:12.379010] High prop at exactly tau (1.00) at rel_day -13: potential IF underweighting
[2026-01-10T00:14:12.999312] High prop at exactly tau (1.00) at rel_day -12: potential IF underweighting
[2026-01-10T00:14:13.598711] High prop at exactly tau (1.00) at rel_day -11: potential IF underweighting
[2026-01-10T00:14:14.165947] High prop at exactly tau (1.00) at rel_day -10: potential IF underweighting
[2026-01-10T00:14:14.729157] High prop at exactly tau (1.00) at rel_day -9: potential IF underweighting
[2026-01-10T00:14:15.332932] High prop at exactly tau (1.00) at rel_day -8: potential IF underweighting
[2026-01-10T00:14:15.919302] High prop at exactly tau (1.00) at rel_day -7: potential IF underweighting
[2026-01-10T00:14:16.490556] High prop at exactly tau (1.00) at rel_day -6: potential IF underweighting
[2026-01-10T00:14:17.064880] High prop at exactly tau (1.00) at rel_day -5: potential IF underweighting
[2026-01-10T00:14:17.894080] High prop at exactly tau (1.00) at rel_day -4: potential IF underweighting
[2026-01-10T00:14:18.462968] High prop at exactly tau (1.00) at rel_day -3: potential IF underweighting
[2026-01-10T00:14:19.035853] High prop at exactly tau (0.99) at rel_day -2: potential IF underweighting
[2026-01-10T00:14:19.623134] High prop at exactly tau (0.99) at rel_day -1: potential IF underweighting
[2026-01-10T00:14:20.276876] High prop at exactly tau (0.99) at rel_day 0: potential IF underweighting
[2026-01-10T00:14:20.978199] High prop at exactly tau (0.99) at rel_day 1: potential IF underweighting
[2026-01-10T00:14:21.576169] High prop at exactly tau (0.99) at rel_day 2: potential IF underweighting
[2026-01-10T00:14:22.277383] High prop at exactly tau (0.99) at rel_day 3: potential IF underweighting
[2026-01-10T00:14:22.857825] High prop at exactly tau (1.00) at rel_day 4: potential IF underweighting
[2026-01-10T00:14:23.438702] High prop at exactly tau (1.00) at rel_day 5: potential IF underweighting
[2026-01-10T00:14:24.008850] High prop at exactly tau (1.00) at rel_day 6: potential IF underweighting
[2026-01-10T00:14:24.682826] High prop at exactly tau (0.99) at rel_day 7: potential IF underweighting
[2026-01-10T00:14:25.312907] High prop at exactly tau (0.99) at rel_day 8: potential IF underweighting
[2026-01-10T00:14:26.004068] High prop at exactly tau (0.99) at rel_day 9: potential IF underweighting
[2026-01-10T00:14:26.641875] High prop at exactly tau (0.99) at rel_day 10: potential IF underweighting
[2026-01-10T00:14:27.233047] High prop at exactly tau (0.99) at rel_day 11: potential IF underweighting
[2026-01-10T00:14:27.893001] High prop at exactly tau (0.99) at rel_day 12: potential IF underweighting
[2026-01-10T00:14:28.485621] High prop at exactly tau (0.99) at rel_day 13: potential IF underweighting
[2026-01-10T00:14:29.052851] High prop at exactly tau (0.99) at rel_day 14: potential IF underweighting
[2026-01-10T00:14:29.619018] High prop at exactly tau (0.99) at rel_day 15: potential IF underweighting
[2026-01-10T00:14:30.342989] RMST conditions on survival to calendar_day — deliberate for definition, see method docs.
[2026-01-10T00:14:30.359686] High prop at exactly tau (1.00) at rel_day -15: potential IF underweighting
[2026-01-10T00:14:31.013153] High prop at exactly tau (1.00) at rel_day -14: potential IF underweighting
[2026-01-10T00:14:31.646511] High prop at exactly tau (1.00) at rel_day -13: potential IF underweighting
[2026-01-10T00:14:32.284021] High prop at exactly tau (1.00) at rel_day -12: potential IF underweighting
[2026-01-10T00:14:32.950481] High prop at exactly tau (1.00) at rel_day -11: potential IF underweighting
[2026-01-10T00:14:33.759021] High prop at exactly tau (1.00) at rel_day -10: potential IF underweighting
[2026-01-10T00:14:34.717926] High prop at exactly tau (1.00) at rel_day -9: potential IF underweighting
[2026-01-10T00:14:35.751729] High prop at exactly tau (1.00) at rel_day -8: potential IF underweighting
[2026-01-10T00:14:36.441807] High prop at exactly tau (1.00) at rel_day -7: potential IF underweighting
[2026-01-10T00:14:37.036584] High prop at exactly tau (1.00) at rel_day -6: potential IF underweighting
[2026-01-10T00:14:37.767104] High prop at exactly tau (1.00) at rel_day -5: potential IF underweighting
[2026-01-10T00:14:38.418705] High prop at exactly tau (1.00) at rel_day -4: potential IF underweighting
[2026-01-10T00:14:39.018797] High prop at exactly tau (1.00) at rel_day -3: potential IF underweighting
[2026-01-10T00:14:39.585874] High prop at exactly tau (1.00) at rel_day -2: potential IF underweighting
[2026-01-10T00:14:40.156218] High prop at exactly tau (1.00) at rel_day -1: potential IF underweighting
[2026-01-10T00:14:40.740554] High prop at exactly tau (1.00) at rel_day 0: potential IF underweighting
[2026-01-10T00:14:41.323125] High prop at exactly tau (1.00) at rel_day 1: potential IF underweighting
[2026-01-10T00:14:41.888182] High prop at exactly tau (1.00) at rel_day 2: potential IF underweighting
[2026-01-10T00:14:42.850493] High prop at exactly tau (0.99) at rel_day 3: potential IF underweighting
[2026-01-10T00:14:43.640555] High prop at exactly tau (0.99) at rel_day 4: potential IF underweighting
[2026-01-10T00:14:44.299719] High prop at exactly tau (0.99) at rel_day 5: potential IF underweighting
[2026-01-10T00:14:44.978230] High prop at exactly tau (0.99) at rel_day 6: potential IF underweighting
[2026-01-10T00:14:45.656013] High prop at exactly tau (0.99) at rel_day 7: potential IF underweighting
[2026-01-10T00:14:46.650002] High prop at exactly tau (0.99) at rel_day 8: potential IF underweighting
[2026-01-10T00:14:47.891589] High prop at exactly tau (1.00) at rel_day 9: potential IF underweighting
[2026-01-10T00:14:48.759772] High prop at exactly tau (1.00) at rel_day 10: potential IF underweighting
[2026-01-10T00:14:49.329788] High prop at exactly tau (1.00) at rel_day 11: potential IF underweighting
[2026-01-10T00:14:49.893978] High prop at exactly tau (1.00) at rel_day 12: potential IF underweighting
[2026-01-10T00:14:50.533053] High prop at exactly tau (1.00) at rel_day 13: potential IF underweighting
[2026-01-10T00:14:51.173631] High prop at exactly tau (1.00) at rel_day 14: potential IF underweighting
[2026-01-10T00:14:51.740939] High prop at exactly tau (1.00) at rel_day 15: potential IF underweighting
[2026-01-10T00:14:52.424337] RMST conditions on survival to calendar_day — deliberate for definition, see method docs.
[2026-01-10T00:14:52.439683] High prop at exactly tau (1.00) at rel_day -15: potential IF underweighting
[2026-01-10T00:14:53.169731] High prop at exactly tau (1.00) at rel_day -14: potential IF underweighting
[2026-01-10T00:14:53.729046] High prop at exactly tau (1.00) at rel_day -13: potential IF underweighting
[2026-01-10T00:14:54.295070] High prop at exactly tau (1.00) at rel_day -12: potential IF underweighting
[2026-01-10T00:14:54.866454] High prop at exactly tau (1.00) at rel_day -11: potential IF underweighting
[2026-01-10T00:14:55.442044] High prop at exactly tau (1.00) at rel_day -10: potential IF underweighting
[2026-01-10T00:14:56.210144] High prop at exactly tau (1.00) at rel_day -9: potential IF underweighting
[2026-01-10T00:14:57.007666] High prop at exactly tau (1.00) at rel_day -8: potential IF underweighting
[2026-01-10T00:14:57.737221] High prop at exactly tau (1.00) at rel_day -7: potential IF underweighting
[2026-01-10T00:14:58.777594] High prop at exactly tau (1.00) at rel_day -6: potential IF underweighting
[2026-01-10T00:14:59.417381] High prop at exactly tau (1.00) at rel_day -5: potential IF underweighting
[2026-01-10T00:15:00.047568] High prop at exactly tau (1.00) at rel_day -4: potential IF underweighting
[2026-01-10T00:15:00.649831] High prop at exactly tau (1.00) at rel_day -3: potential IF underweighting
[2026-01-10T00:15:01.332303] High prop at exactly tau (0.99) at rel_day -2: potential IF underweighting
[2026-01-10T00:15:01.948203] High prop at exactly tau (0.99) at rel_day -1: potential IF underweighting
[2026-01-10T00:15:02.625325] High prop at exactly tau (0.99) at rel_day 0: potential IF underweighting
[2026-01-10T00:15:03.185853] High prop at exactly tau (0.99) at rel_day 1: potential IF underweighting
[2026-01-10T00:15:04.041945] High prop at exactly tau (0.99) at rel_day 2: potential IF underweighting
[2026-01-10T00:15:04.608153] High prop at exactly tau (0.99) at rel_day 3: potential IF underweighting
[2026-01-10T00:15:05.369925] High prop at exactly tau (0.99) at rel_day 4: potential IF underweighting
[2026-01-10T00:15:05.949102] High prop at exactly tau (1.00) at rel_day 5: potential IF underweighting
[2026-01-10T00:15:06.762970] High prop at exactly tau (1.00) at rel_day 6: potential IF underweighting
[2026-01-10T00:15:07.329959] High prop at exactly tau (1.00) at rel_day 7: potential IF underweighting
[2026-01-10T00:15:07.935373] High prop at exactly tau (1.00) at rel_day 8: potential IF underweighting
[2026-01-10T00:15:08.618639] High prop at exactly tau (1.00) at rel_day 9: potential IF underweighting
[2026-01-10T00:15:09.285138] High prop at exactly tau (1.00) at rel_day 10: potential IF underweighting
[2026-01-10T00:15:10.015916] High prop at exactly tau (1.00) at rel_day 11: potential IF underweighting
[2026-01-10T00:15:10.593926] High prop at exactly tau (1.00) at rel_day 12: potential IF underweighting
[2026-01-10T00:15:11.163019] High prop at exactly tau (1.00) at rel_day 13: potential IF underweighting
[2026-01-10T00:15:11.731810] High prop at exactly tau (1.00) at rel_day 14: potential IF underweighting
[2026-01-10T00:15:12.353277] High prop at exactly tau (1.00) at rel_day 15: potential IF underweighting
